XV6_TEST_OUTPUT Please pass VMALLOC_SIZE_BASE or VMALLOC_SIZE_HUGE as flag.
