XV6_TEST_OUTPUT allocuvm out of memory
XV6_TEST_OUTPUT malloc fails correctly
