XV6_TEST_OUTPUT Max, 256MB - program base pages:0 huge pages:65
XV6_TEST_OUTPUT Max, 256MB - program base pages:0 huge pages:65
