XV6_TEST_OUTPUT After vmalloc huge, 1MB - program base pages:0 huge pages:1
